test_archive_checksum_rejected (test_bootstrap.Bootstrap.test_archive_checksum_rejected) ... ok
test_binary_checksum_rejected (test_bootstrap.Bootstrap.test_binary_checksum_rejected) ... ok
test_existing_foreign_binary_preserved (test_bootstrap.Bootstrap.test_existing_foreign_binary_preserved) ... ok
test_matching_install_does_not_redownload (test_bootstrap.Bootstrap.test_matching_install_does_not_redownload) ... ok
test_oversized_download_rejected (test_bootstrap.Bootstrap.test_oversized_download_rejected) ... ok
test_truncated_download_rejected (test_bootstrap.Bootstrap.test_truncated_download_rejected) ... ok
test_valid_extract_only_expected_executable (test_bootstrap.Bootstrap.test_valid_extract_only_expected_executable) ... ok
test_external_glb_resource_is_rejected_even_with_current_hashes (test_fleet_control.FleetDeliveries.test_external_glb_resource_is_rejected_even_with_current_hashes) ... ok
test_modified_blend_or_export_breaks_hash_binding (test_fleet_control.FleetDeliveries.test_modified_blend_or_export_breaks_hash_binding) ... ok
test_receipt_digest_and_referenced_evidence_are_required (test_fleet_control.FleetDeliveries.test_receipt_digest_and_referenced_evidence_are_required) ... ok
test_receipt_must_be_successful_and_bound_to_current_export (test_fleet_control.FleetDeliveries.test_receipt_must_be_successful_and_bound_to_current_export) ... ok
test_transport_receipt_does_not_promote_artistic_or_hardware_approval (test_fleet_control.FleetDeliveries.test_transport_receipt_does_not_promote_artistic_or_hardware_approval) ... ok
test_truncated_export_and_source_path_escape_are_rejected (test_fleet_control.FleetDeliveries.test_truncated_export_and_source_path_escape_are_rejected) ... ok
test_actual_wrong_branch_cannot_be_hidden_by_request (test_fleet_control.FleetGitGuards.test_actual_wrong_branch_cannot_be_hidden_by_request) ... ok
test_deleted_file_outside_scope_is_detected (test_fleet_control.FleetGitGuards.test_deleted_file_outside_scope_is_detected) ... ok
test_diff_derived_guard_accepts_owned_changes_and_actual_branch (test_fleet_control.FleetGitGuards.test_diff_derived_guard_accepts_owned_changes_and_actual_branch) ... ok
test_rename_from_outside_scope_cannot_hide_source_deletion (test_fleet_control.FleetGitGuards.test_rename_from_outside_scope_cannot_hide_source_deletion) ... ok
test_stale_or_tampered_generated_manifest_is_rejected (test_fleet_control.FleetGitGuards.test_stale_or_tampered_generated_manifest_is_rejected) ... ok
test_untracked_file_outside_scope_is_detected (test_fleet_control.FleetGitGuards.test_untracked_file_outside_scope_is_detected) ... ok
test_valid_generated_manifest_cannot_cover_an_unowned_global_change (test_fleet_control.FleetGitGuards.test_valid_generated_manifest_cannot_cover_an_unowned_global_change) ... ok
test_valid_generated_manifest_is_allowed_with_owned_asset_changes (test_fleet_control.FleetGitGuards.test_valid_generated_manifest_is_allowed_with_owned_asset_changes) ... ok
test_malformed_pending_state_cannot_be_interpreted_as_idle (test_fleet_control.FleetGuards.test_malformed_pending_state_cannot_be_interpreted_as_idle) ... ok
test_provider_guard_checks_identity_pending_work_revision_and_sequence (test_fleet_control.FleetGuards.test_provider_guard_checks_identity_pending_work_revision_and_sequence) ... ok
test_provider_observations_expire_and_need_unambiguous_timezones (test_fleet_control.FleetGuards.test_provider_observations_expire_and_need_unambiguous_timezones) ... ok
test_rename_source_and_destination_both_require_scope (test_fleet_control.FleetGuards.test_rename_source_and_destination_both_require_scope) ... ok
test_symlink_cannot_escape_checkout_even_inside_owned_prefix (test_fleet_control.FleetGuards.test_symlink_cannot_escape_checkout_even_inside_owned_prefix) ... ok
test_symlink_within_checkout_cannot_alias_another_agents_scope (test_fleet_control.FleetGuards.test_symlink_within_checkout_cannot_alias_another_agents_scope) ... ok
test_unsafe_paths_are_rejected_before_write (test_fleet_control.FleetGuards.test_unsafe_paths_are_rejected_before_write) ... ok
test_valid_guard_reports_only_checked_capabilities (test_fleet_control.FleetGuards.test_valid_guard_reports_only_checked_capabilities) ... ok
test_wrong_branch_owner_epoch_or_digest_is_rejected (test_fleet_control.FleetGuards.test_wrong_branch_owner_epoch_or_digest_is_rejected) ... ok
test_existing_transaction_lock_is_preserved (test_fleet_control.FleetPublicationRaces.test_existing_transaction_lock_is_preserved) ... ok
test_real_git_rejects_second_sibling_commit_without_force (test_fleet_control.FleetPublicationRaces.test_real_git_rejects_second_sibling_commit_without_force) ... ok
test_two_processes_with_same_registry_parent_have_exactly_one_winner (test_fleet_control.FleetPublicationRaces.test_two_processes_with_same_registry_parent_have_exactly_one_winner) ... ok
test_ack_requires_matching_owner_epoch_and_evidence (test_fleet_control.FleetReservations.test_ack_requires_matching_owner_epoch_and_evidence) ... ok
test_active_claim_without_current_ack_is_rejected (test_fleet_control.FleetReservations.test_active_claim_without_current_ack_is_rejected) ... ok
test_blocked_claim_is_not_silently_taken_over (test_fleet_control.FleetReservations.test_blocked_claim_is_not_silently_taken_over) ... ok
test_boolean_schema_is_not_version_one (test_fleet_control.FleetReservations.test_boolean_schema_is_not_version_one) ... ok
test_closed_tombstones_allow_replacement_but_preserve_unique_ids (test_fleet_control.FleetReservations.test_closed_tombstones_allow_replacement_but_preserve_unique_ids) ... ok
test_directory_boundaries_and_exact_files_do_not_overreach (test_fleet_control.FleetReservations.test_directory_boundaries_and_exact_files_do_not_overreach) ... ok
test_each_exclusive_resource_conflicts_independently (test_fleet_control.FleetReservations.test_each_exclusive_resource_conflicts_independently) ... ok
test_malformed_configuration_cannot_be_approved (test_fleet_control.FleetReservations.test_malformed_configuration_cannot_be_approved) ... ok
test_malformed_shapes_fail_with_a_structured_fleet_error (test_fleet_control.FleetReservations.test_malformed_shapes_fail_with_a_structured_fleet_error) ... ok
test_release_cannot_reuse_one_project_observation_for_another (test_fleet_control.FleetReservations.test_release_cannot_reuse_one_project_observation_for_another) ... ok
test_release_reconciles_provider_and_fences_old_owner (test_fleet_control.FleetReservations.test_release_reconciles_provider_and_fences_old_owner) ... ok
test_reserve_is_pure_and_stale_proposal_cannot_win_twice (test_fleet_control.FleetReservations.test_reserve_is_pure_and_stale_proposal_cannot_win_twice) ... ok
test_semantic_parent_covers_descendants_but_not_siblings (test_fleet_control.FleetReservations.test_semantic_parent_covers_descendants_but_not_siblings) ... ok
test_world_aliases_share_one_semantic_namespace (test_fleet_control.FleetReservations.test_world_aliases_share_one_semantic_namespace) ... ok
test_world_writer_cannot_reserve_global_state_or_tooling (test_fleet_control.FleetReservations.test_world_writer_cannot_reserve_global_state_or_tooling) ... ok
test_all_twelve_learnings_recoverable (test_governance.Continuity.test_all_twelve_learnings_recoverable) ... ok
test_dangling_graph_rejected (test_governance.Continuity.test_dangling_graph_rejected) ... ok
test_duplicate_node_rejected (test_governance.Continuity.test_duplicate_node_rejected) ... ok
test_event_digest_tampering_detected (test_governance.Continuity.test_event_digest_tampering_detected) ... ok
test_identical_learning_is_idempotent (test_governance.Continuity.test_identical_learning_is_idempotent) ... ok
test_learning_rewrite_rejected (test_governance.Continuity.test_learning_rewrite_rejected) ... ok
test_learning_roundtrip_retrieval (test_governance.Continuity.test_learning_roundtrip_retrieval) ... ok
test_orphan_rejected (test_governance.Continuity.test_orphan_rejected) ... ok
test_projection_drift_detected (test_governance.Continuity.test_projection_drift_detected) ... ok
test_receipt_close_without_bootstrap_rejected (test_governance.Continuity.test_receipt_close_without_bootstrap_rejected) ... ok
test_source_change_invalidates_digest (test_governance.Continuity.test_source_change_invalidates_digest) ... ok
test_telemetry_counts_only_recorded_outcomes (test_governance.Continuity.test_telemetry_counts_only_recorded_outcomes) ... ok
test_terminal_receipt_idempotent_but_conflict_rejected (test_governance.Continuity.test_terminal_receipt_idempotent_but_conflict_rejected) ... ok
test_unsafe_identity_rejected (test_governance.Continuity.test_unsafe_identity_rejected) ... ok
test_unverified_L4_rejected (test_governance.Continuity.test_unverified_L4_rejected) ... ok
test_complete_contract (test_studio.Studio.test_complete_contract) ... ok
test_dependency_cycle_rejected (test_studio.Studio.test_dependency_cycle_rejected) ... ok
test_done_requires_all_gates (test_studio.Studio.test_done_requires_all_gates) ... ok
test_done_without_evidence_rejected (test_studio.Studio.test_done_without_evidence_rejected) ... ok
test_existing_writer_lock_rejected_without_overwrite (test_studio.Studio.test_existing_writer_lock_rejected_without_overwrite) ... ok
test_glb_truncation_rejected (test_studio.Studio.test_glb_truncation_rejected) ... ok
test_multiple_workunits_rejected (test_studio.Studio.test_multiple_workunits_rejected) ... ok
test_real_asset_inventory (test_studio.Studio.test_real_asset_inventory) ... ok
test_receipt_from_other_task_or_source_rejected (test_studio.Studio.test_receipt_from_other_task_or_source_rejected) ... ok
test_receipt_path_escape_rejected (test_studio.Studio.test_receipt_path_escape_rejected) ... ok
test_uncovered_goal_rejected (test_studio.Studio.test_uncovered_goal_rejected) ... ok
test_unknown_gate_rejected (test_studio.Studio.test_unknown_gate_rejected) ... ok

----------------------------------------------------------------------
Ran 75 tests in 0.424s

OK
